// Jest Snapshot v1, https://goo.gl/fbAQLP

exports[`renders deep 1`] = `
<div>
  home page
</div>
`;
