// Jest Snapshot v1, https://goo.gl/fbAQLP

exports[`renders deep 1`] = `
<footer>
  <div>
    footer component
  </div>
  <a
    href="https://github.com/mochic/mochic"
  >
    repo
  </a>
</footer>
`;
